// Jest Snapshot v1, https://goo.gl/fbAQLP

exports[`renders App page and checks basic snapshot 1`] = `
<DocumentFragment>
  <div
    class="App"
  >
    <div>
      <div
        class="card"
      >
        bulbazaur
      </div>
      <div
        class="card"
      >
        charizard
      </div>
      <div
        class="card"
      >
        pikachu
      </div>
    </div>
  </div>
</DocumentFragment>
`;
